<!DOCTYPE html>

<html>
<head>
	
	<meta http-equiv="content-type" content="text/html; charset=utf-8"/>
	<title></title>
	
	<style type="text/css">
		body,div,table,thead,tbody,tfoot,tr,th,td,p { font-family:"DejaVu Sans"; font-size:x-small }
		a.comment-indicator:hover + comment { background:#ffd; position:absolute; display:block; border:1px solid black; padding:0.5em;  } 
		a.comment-indicator { background:red; display:inline-block; border:1px solid black; width:0.5em; height:0.5em;  } 
		comment { display:none;  } 
	</style>
	
</head>

<body>
<hr>
	<p><center>
		<h1>Overview</h1>
		<A HREF="#table0">maF1</A><br>
		<A HREF="#table1">Feuille2</A><br>
		
	</center></p>
<hr>
<A NAME="table0"><h1>Sheet 1: <em>maF1</em></h1></A>
<table cellspacing="0" border="0">
	<colgroup width="238"></colgroup>
	<tr>
		<td height="17" align="left" data-sheets-value="{ &quot;1&quot;: 2, &quot;2&quot;: &quot;test&quot;}">test</td>
	</tr>
	<tr>
		<td height="17" align="left" data-sheets-value="{ &quot;1&quot;: 2, &quot;2&quot;: &quot;RORO aa recond&quot;}">RORO aa recond</td>
	</tr>
	<tr>
		<td height="17" align="left" data-sheets-value="{ &quot;1&quot;: 2, &quot;2&quot;: &quot;RORO aa recond&quot;}"><b>RORO aa recond</b></td>
	</tr>
	<tr>
		<td height="17" align="left" data-sheets-value="{ &quot;1&quot;: 2, &quot;2&quot;: &quot;teezt&quot;}">teezt</td>
	</tr>
	<tr>
		<td height="17" align="left" data-sheets-value="{ &quot;1&quot;: 2, &quot;2&quot;: &quot;riri ccc&quot;}"><font color="#2A6099">riri ccc</font></td>
	</tr>
</table>
<!-- ************************************************************************** -->
<hr>
<A NAME="table1"><h1>Sheet 2: <em>Feuille2</em></h1></A>
<table cellspacing="0" border="0">
	<colgroup span="4" width="85"></colgroup>
	<tr>
		<td style="border-top: 1px solid #000000; border-bottom: 1px solid #000000; border-left: 1px solid #000000; border-right: 1px solid #000000" height="17" align="left" data-sheets-value="{ &quot;1&quot;: 2, &quot;2&quot;: &quot;RORO AA&quot;}">RORO AA</td>
		<td style="border-top: 1px solid #000000; border-bottom: 1px solid #000000; border-left: 1px solid #000000; border-right: 1px solid #000000" align="left" data-sheets-value="{ &quot;1&quot;: 2, &quot;2&quot;: &quot;&quot;}"><br></td>
		<td style="border-top: 1px solid #000000; border-bottom: 1px solid #000000; border-left: 1px solid #000000; border-right: 1px solid #000000" align="left" data-sheets-value="{ &quot;1&quot;: 2, &quot;2&quot;: &quot;&quot;}"><br></td>
		<td style="border-top: 1px solid #000000; border-bottom: 1px solid #000000; border-left: 1px solid #000000; border-right: 1px solid #000000" align="left" data-sheets-value="{ &quot;1&quot;: 2, &quot;2&quot;: &quot;&quot;}"><br></td>
	</tr>
	<tr>
		<td style="border-top: 1px solid #000000; border-bottom: 1px solid #000000; border-left: 1px solid #000000; border-right: 1px solid #000000" height="17" align="left" data-sheets-value="{ &quot;1&quot;: 2, &quot;2&quot;: &quot;riri bb&quot;}">riri bb</td>
		<td style="border-top: 1px solid #000000; border-bottom: 1px solid #000000; border-left: 1px solid #000000; border-right: 1px solid #000000" align="left" bgcolor="#FF0000" data-sheets-value="{ &quot;1&quot;: 2, &quot;2&quot;: &quot;roobar&quot;}">roobar</td>
		<td style="border-top: 1px solid #000000; border-bottom: 1px solid #000000; border-left: 1px solid #000000; border-right: 1px solid #000000" align="left" data-sheets-value="{ &quot;1&quot;: 2, &quot;2&quot;: &quot;&quot;}"><br></td>
		<td style="border-top: 1px solid #000000; border-bottom: 1px solid #000000; border-left: 1px solid #000000; border-right: 1px solid #000000" align="left" data-sheets-value="{ &quot;1&quot;: 2, &quot;2&quot;: &quot;&quot;}"><br></td>
	</tr>
	<tr>
		<td style="border-top: 1px solid #000000; border-bottom: 1px solid #000000; border-left: 1px solid #000000; border-right: 1px solid #000000" height="17" align="left" data-sheets-value="{ &quot;1&quot;: 2, &quot;2&quot;: &quot;ryval&quot;}"><b>ryval</b></td>
		<td style="border-top: 1px solid #000000; border-bottom: 1px solid #000000; border-left: 1px solid #000000; border-right: 1px solid #000000" align="left" data-sheets-value="{ &quot;1&quot;: 2, &quot;2&quot;: &quot;&quot;}"><br></td>
		<td style="border-top: 1px solid #000000; border-bottom: 1px solid #000000; border-left: 1px solid #000000; border-right: 1px solid #000000" align="left" data-sheets-value="{ &quot;1&quot;: 2, &quot;2&quot;: &quot;&quot;}"><br></td>
		<td style="border-top: 1px solid #000000; border-bottom: 1px solid #000000; border-left: 1px solid #000000; border-right: 1px solid #000000" align="left" data-sheets-value="{ &quot;1&quot;: 2, &quot;2&quot;: &quot;&quot;}"><br></td>
	</tr>
	<tr>
		<td style="border-top: 1px solid #000000; border-bottom: 1px solid #000000; border-left: 1px solid #000000; border-right: 1px solid #000000" height="17" align="left" data-sheets-value="{ &quot;1&quot;: 2, &quot;2&quot;: &quot;&quot;}"><br></td>
		<td style="border-top: 1px solid #000000; border-bottom: 1px solid #000000; border-left: 1px solid #000000; border-right: 1px solid #000000" align="left" data-sheets-value="{ &quot;1&quot;: 2, &quot;2&quot;: &quot;&quot;}"><br></td>
		<td style="border-top: 1px solid #000000; border-bottom: 1px solid #000000; border-left: 1px solid #000000; border-right: 1px solid #000000" align="left" data-sheets-value="{ &quot;1&quot;: 2, &quot;2&quot;: &quot;&quot;}"><br></td>
		<td style="border-top: 1px solid #000000; border-bottom: 1px solid #000000; border-left: 1px solid #000000; border-right: 1px solid #000000" align="left" data-sheets-value="{ &quot;1&quot;: 2, &quot;2&quot;: &quot;&quot;}"><br></td>
	</tr>
	<tr>
		<td style="border-top: 1px solid #000000; border-bottom: 1px solid #000000; border-left: 1px solid #000000; border-right: 1px solid #000000" height="17" align="left" data-sheets-value="{ &quot;1&quot;: 2, &quot;2&quot;: &quot;&quot;}"><br></td>
		<td style="border-top: 1px solid #000000; border-bottom: 1px solid #000000; border-left: 1px solid #000000; border-right: 1px solid #000000" align="left" data-sheets-value="{ &quot;1&quot;: 2, &quot;2&quot;: &quot;&quot;}"><br></td>
		<td style="border-top: 1px solid #000000; border-bottom: 1px solid #000000; border-left: 1px solid #000000; border-right: 1px solid #000000" align="left" data-sheets-value="{ &quot;1&quot;: 2, &quot;2&quot;: &quot;&quot;}"><br></td>
		<td style="border-top: 1px solid #000000; border-bottom: 1px solid #000000; border-left: 1px solid #000000; border-right: 1px solid #000000" align="left" data-sheets-value="{ &quot;1&quot;: 2, &quot;2&quot;: &quot;&quot;}"><br></td>
	</tr>
	<tr>
		<td style="border-top: 1px solid #000000; border-bottom: 1px solid #000000; border-left: 1px solid #000000; border-right: 1px solid #000000" height="17" align="left" data-sheets-value="{ &quot;1&quot;: 2, &quot;2&quot;: &quot;&quot;}"><br></td>
		<td style="border-top: 1px solid #000000; border-bottom: 1px solid #000000; border-left: 1px solid #000000; border-right: 1px solid #000000" align="left" data-sheets-value="{ &quot;1&quot;: 2, &quot;2&quot;: &quot;&quot;}"><br></td>
		<td style="border-top: 1px solid #000000; border-bottom: 1px solid #000000; border-left: 1px solid #000000; border-right: 1px solid #000000" align="left" data-sheets-value="{ &quot;1&quot;: 2, &quot;2&quot;: &quot;&quot;}"><br></td>
		<td style="border-top: 1px solid #000000; border-bottom: 1px solid #000000; border-left: 1px solid #000000; border-right: 1px solid #000000" align="left" data-sheets-value="{ &quot;1&quot;: 2, &quot;2&quot;: &quot;&quot;}"><br></td>
	</tr>
	<tr>
		<td style="border-top: 1px solid #000000; border-bottom: 1px solid #000000; border-left: 1px solid #000000; border-right: 1px solid #000000" height="17" align="left" data-sheets-value="{ &quot;1&quot;: 2, &quot;2&quot;: &quot;&quot;}"><br></td>
		<td style="border-top: 1px solid #000000; border-bottom: 1px solid #000000; border-left: 1px solid #000000; border-right: 1px solid #000000" align="left" data-sheets-value="{ &quot;1&quot;: 2, &quot;2&quot;: &quot;&quot;}"><br></td>
		<td style="border-top: 1px solid #000000; border-bottom: 1px solid #000000; border-left: 1px solid #000000; border-right: 1px solid #000000" align="left" data-sheets-value="{ &quot;1&quot;: 2, &quot;2&quot;: &quot;&quot;}"><br></td>
		<td style="border-top: 1px solid #000000; border-bottom: 1px solid #000000; border-left: 1px solid #000000; border-right: 1px solid #000000" align="left" data-sheets-value="{ &quot;1&quot;: 2, &quot;2&quot;: &quot;&quot;}"><br></td>
	</tr>
	<tr>
		<td style="border-top: 1px solid #000000; border-bottom: 1px solid #000000; border-left: 1px solid #000000; border-right: 1px solid #000000" height="17" align="left" data-sheets-value="{ &quot;1&quot;: 2, &quot;2&quot;: &quot;&quot;}"><br></td>
		<td style="border-top: 1px solid #000000; border-bottom: 1px solid #000000; border-left: 1px solid #000000; border-right: 1px solid #000000" align="left" data-sheets-value="{ &quot;1&quot;: 2, &quot;2&quot;: &quot;&quot;}"><br></td>
		<td style="border-top: 1px solid #000000; border-bottom: 1px solid #000000; border-left: 1px solid #000000; border-right: 1px solid #000000" align="left" data-sheets-value="{ &quot;1&quot;: 2, &quot;2&quot;: &quot;&quot;}"><br></td>
		<td style="border-top: 1px solid #000000; border-bottom: 1px solid #000000; border-left: 1px solid #000000; border-right: 1px solid #000000" align="left" data-sheets-value="{ &quot;1&quot;: 2, &quot;2&quot;: &quot;&quot;}"><br></td>
	</tr>
	<tr>
		<td style="border-top: 1px solid #000000; border-bottom: 1px solid #000000; border-left: 1px solid #000000; border-right: 1px solid #000000" height="17" align="left" data-sheets-value="{ &quot;1&quot;: 2, &quot;2&quot;: &quot;&quot;}"><br></td>
		<td style="border-top: 1px solid #000000; border-bottom: 1px solid #000000; border-left: 1px solid #000000; border-right: 1px solid #000000" align="left" data-sheets-value="{ &quot;1&quot;: 2, &quot;2&quot;: &quot;&quot;}"><br></td>
		<td style="border-top: 1px solid #000000; border-bottom: 1px solid #000000; border-left: 1px solid #000000; border-right: 1px solid #000000" align="left" data-sheets-value="{ &quot;1&quot;: 2, &quot;2&quot;: &quot;&quot;}"><br></td>
		<td style="border-top: 1px solid #000000; border-bottom: 1px solid #000000; border-left: 1px solid #000000; border-right: 1px solid #000000" align="left" data-sheets-value="{ &quot;1&quot;: 2, &quot;2&quot;: &quot;&quot;}"><br></td>
	</tr>
	<tr>
		<td style="border-top: 1px solid #000000; border-bottom: 1px solid #000000; border-left: 1px solid #000000; border-right: 1px solid #000000" height="17" align="left" data-sheets-value="{ &quot;1&quot;: 2, &quot;2&quot;: &quot;&quot;}"><br></td>
		<td style="border-top: 1px solid #000000; border-bottom: 1px solid #000000; border-left: 1px solid #000000; border-right: 1px solid #000000" align="left" data-sheets-value="{ &quot;1&quot;: 2, &quot;2&quot;: &quot;&quot;}"><br></td>
		<td style="border-top: 1px solid #000000; border-bottom: 1px solid #000000; border-left: 1px solid #000000; border-right: 1px solid #000000" align="left" data-sheets-value="{ &quot;1&quot;: 2, &quot;2&quot;: &quot;&quot;}"><br></td>
		<td style="border-top: 1px solid #000000; border-bottom: 1px solid #000000; border-left: 1px solid #000000; border-right: 1px solid #000000" align="left" data-sheets-value="{ &quot;1&quot;: 2, &quot;2&quot;: &quot;&quot;}"><br></td>
	</tr>
	<tr>
		<td style="border-top: 1px solid #000000; border-bottom: 1px solid #000000; border-left: 1px solid #000000; border-right: 1px solid #000000" height="17" align="left" data-sheets-value="{ &quot;1&quot;: 2, &quot;2&quot;: &quot;&quot;}"><br></td>
		<td style="border-top: 1px solid #000000; border-bottom: 1px solid #000000; border-left: 1px solid #000000; border-right: 1px solid #000000" align="left" data-sheets-value="{ &quot;1&quot;: 2, &quot;2&quot;: &quot;&quot;}"><br></td>
		<td style="border-top: 1px solid #000000; border-bottom: 1px solid #000000; border-left: 1px solid #000000; border-right: 1px solid #000000" align="left" data-sheets-value="{ &quot;1&quot;: 2, &quot;2&quot;: &quot;&quot;}"><br></td>
		<td style="border-top: 1px solid #000000; border-bottom: 1px solid #000000; border-left: 1px solid #000000; border-right: 1px solid #000000" align="left" data-sheets-value="{ &quot;1&quot;: 2, &quot;2&quot;: &quot;&quot;}"><br></td>
	</tr>
	<tr>
		<td style="border-top: 1px solid #000000; border-bottom: 1px solid #000000; border-left: 1px solid #000000; border-right: 1px solid #000000" height="17" align="left" data-sheets-value="{ &quot;1&quot;: 2, &quot;2&quot;: &quot;&quot;}"><br></td>
		<td style="border-top: 1px solid #000000; border-bottom: 1px solid #000000; border-left: 1px solid #000000; border-right: 1px solid #000000" align="left" data-sheets-value="{ &quot;1&quot;: 2, &quot;2&quot;: &quot;&quot;}"><br></td>
		<td style="border-top: 1px solid #000000; border-bottom: 1px solid #000000; border-left: 1px solid #000000; border-right: 1px solid #000000" align="left" data-sheets-value="{ &quot;1&quot;: 2, &quot;2&quot;: &quot;&quot;}"><br></td>
		<td style="border-top: 1px solid #000000; border-bottom: 1px solid #000000; border-left: 1px solid #000000; border-right: 1px solid #000000" align="left" data-sheets-value="{ &quot;1&quot;: 2, &quot;2&quot;: &quot;&quot;}"><br></td>
	</tr>
	<tr>
		<td style="border-top: 1px solid #000000; border-bottom: 1px solid #000000; border-left: 1px solid #000000; border-right: 1px solid #000000" height="17" align="left" data-sheets-value="{ &quot;1&quot;: 2, &quot;2&quot;: &quot;&quot;}"><br></td>
		<td style="border-top: 1px solid #000000; border-bottom: 1px solid #000000; border-left: 1px solid #000000; border-right: 1px solid #000000" align="left" data-sheets-value="{ &quot;1&quot;: 2, &quot;2&quot;: &quot;&quot;}"><br></td>
		<td style="border-top: 1px solid #000000; border-bottom: 1px solid #000000; border-left: 1px solid #000000; border-right: 1px solid #000000" align="left" data-sheets-value="{ &quot;1&quot;: 2, &quot;2&quot;: &quot;&quot;}"><br></td>
		<td style="border-top: 1px solid #000000; border-bottom: 1px solid #000000; border-left: 1px solid #000000; border-right: 1px solid #000000" align="left" data-sheets-value="{ &quot;1&quot;: 2, &quot;2&quot;: &quot;&quot;}"><br></td>
	</tr>
	<tr>
		<td style="border-top: 1px solid #000000; border-bottom: 1px solid #000000; border-left: 1px solid #000000; border-right: 1px solid #000000" height="17" align="left" data-sheets-value="{ &quot;1&quot;: 2, &quot;2&quot;: &quot;&quot;}"><br></td>
		<td style="border-top: 1px solid #000000; border-bottom: 1px solid #000000; border-left: 1px solid #000000; border-right: 1px solid #000000" align="left" data-sheets-value="{ &quot;1&quot;: 2, &quot;2&quot;: &quot;&quot;}"><br></td>
		<td style="border-top: 1px solid #000000; border-bottom: 1px solid #000000; border-left: 1px solid #000000; border-right: 1px solid #000000" align="left" data-sheets-value="{ &quot;1&quot;: 2, &quot;2&quot;: &quot;&quot;}"><br></td>
		<td style="border-top: 1px solid #000000; border-bottom: 1px solid #000000; border-left: 1px solid #000000; border-right: 1px solid #000000" align="left" data-sheets-value="{ &quot;1&quot;: 2, &quot;2&quot;: &quot;&quot;}"><br></td>
	</tr>
	<tr>
		<td style="border-top: 1px solid #000000; border-bottom: 1px solid #000000; border-left: 1px solid #000000; border-right: 1px solid #000000" height="17" align="left" data-sheets-value="{ &quot;1&quot;: 2, &quot;2&quot;: &quot;&quot;}"><br></td>
		<td style="border-top: 1px solid #000000; border-bottom: 1px solid #000000; border-left: 1px solid #000000; border-right: 1px solid #000000" align="left" data-sheets-value="{ &quot;1&quot;: 2, &quot;2&quot;: &quot;&quot;}"><br></td>
		<td style="border-top: 1px solid #000000; border-bottom: 1px solid #000000; border-left: 1px solid #000000; border-right: 1px solid #000000" align="left" data-sheets-value="{ &quot;1&quot;: 2, &quot;2&quot;: &quot;recond&quot;}">recond</td>
		<td style="border-top: 1px solid #000000; border-bottom: 1px solid #000000; border-left: 1px solid #000000; border-right: 1px solid #000000" align="left" data-sheets-value="{ &quot;1&quot;: 2, &quot;2&quot;: &quot;&quot;}"><br></td>
	</tr>
	<tr>
		<td style="border-top: 1px solid #000000; border-bottom: 1px solid #000000; border-left: 1px solid #000000; border-right: 1px solid #000000" height="17" align="left" data-sheets-value="{ &quot;1&quot;: 2, &quot;2&quot;: &quot;&quot;}"><br></td>
		<td style="border-top: 1px solid #000000; border-bottom: 1px solid #000000; border-left: 1px solid #000000; border-right: 1px solid #000000" align="left" data-sheets-value="{ &quot;1&quot;: 2, &quot;2&quot;: &quot;&quot;}"><br></td>
		<td style="border-top: 1px solid #000000; border-bottom: 1px solid #000000; border-left: 1px solid #000000; border-right: 1px solid #000000" align="left" data-sheets-value="{ &quot;1&quot;: 2, &quot;2&quot;: &quot;&quot;}"><br></td>
		<td style="border-top: 1px solid #000000; border-bottom: 1px solid #000000; border-left: 1px solid #000000; border-right: 1px solid #000000" align="left" data-sheets-value="{ &quot;1&quot;: 2, &quot;2&quot;: &quot;&quot;}"><br></td>
	</tr>
	<tr>
		<td style="border-top: 1px solid #000000; border-bottom: 1px solid #000000; border-left: 1px solid #000000; border-right: 1px solid #000000" height="17" align="left" data-sheets-value="{ &quot;1&quot;: 2, &quot;2&quot;: &quot;&quot;}"><br></td>
		<td style="border-top: 1px solid #000000; border-bottom: 1px solid #000000; border-left: 1px solid #000000; border-right: 1px solid #000000" align="left" data-sheets-value="{ &quot;1&quot;: 2, &quot;2&quot;: &quot;&quot;}"><br></td>
		<td style="border-top: 1px solid #000000; border-bottom: 1px solid #000000; border-left: 1px solid #000000; border-right: 1px solid #000000" align="left" data-sheets-value="{ &quot;1&quot;: 2, &quot;2&quot;: &quot;&quot;}"><br></td>
		<td style="border-top: 1px solid #000000; border-bottom: 1px solid #000000; border-left: 1px solid #000000; border-right: 1px solid #000000" align="left" data-sheets-value="{ &quot;1&quot;: 2, &quot;2&quot;: &quot;&quot;}"><br></td>
	</tr>
	<tr>
		<td style="border-top: 1px solid #000000; border-bottom: 1px solid #000000; border-left: 1px solid #000000; border-right: 1px solid #000000" height="17" align="left" data-sheets-value="{ &quot;1&quot;: 2, &quot;2&quot;: &quot;&quot;}"><br></td>
		<td style="border-top: 1px solid #000000; border-bottom: 1px solid #000000; border-left: 1px solid #000000; border-right: 1px solid #000000" align="left" data-sheets-value="{ &quot;1&quot;: 2, &quot;2&quot;: &quot;&quot;}"><br></td>
		<td style="border-top: 1px solid #000000; border-bottom: 1px solid #000000; border-left: 1px solid #000000; border-right: 1px solid #000000" align="left" data-sheets-value="{ &quot;1&quot;: 2, &quot;2&quot;: &quot;&quot;}"><br></td>
		<td style="border-top: 1px solid #000000; border-bottom: 1px solid #000000; border-left: 1px solid #000000; border-right: 1px solid #000000" align="left" data-sheets-value="{ &quot;1&quot;: 2, &quot;2&quot;: &quot;&quot;}"><br></td>
	</tr>
	<tr>
		<td style="border-top: 1px solid #000000; border-bottom: 1px solid #000000; border-left: 1px solid #000000; border-right: 1px solid #000000" height="17" align="left" data-sheets-value="{ &quot;1&quot;: 2, &quot;2&quot;: &quot;&quot;}"><br></td>
		<td style="border-top: 1px solid #000000; border-bottom: 1px solid #000000; border-left: 1px solid #000000; border-right: 1px solid #000000" align="left" data-sheets-value="{ &quot;1&quot;: 2, &quot;2&quot;: &quot;&quot;}"><br></td>
		<td style="border-top: 1px solid #000000; border-bottom: 1px solid #000000; border-left: 1px solid #000000; border-right: 1px solid #000000" align="left" data-sheets-value="{ &quot;1&quot;: 2, &quot;2&quot;: &quot;&quot;}"><br></td>
		<td style="border-top: 1px solid #000000; border-bottom: 1px solid #000000; border-left: 1px solid #000000; border-right: 1px solid #000000" align="left" data-sheets-value="{ &quot;1&quot;: 2, &quot;2&quot;: &quot;&quot;}"><br></td>
	</tr>
	<tr>
		<td style="border-top: 1px solid #000000; border-bottom: 1px solid #000000; border-left: 1px solid #000000; border-right: 1px solid #000000" height="17" align="left" data-sheets-value="{ &quot;1&quot;: 2, &quot;2&quot;: &quot;&quot;}"><br></td>
		<td style="border-top: 1px solid #000000; border-bottom: 1px solid #000000; border-left: 1px solid #000000; border-right: 1px solid #000000" align="left" data-sheets-value="{ &quot;1&quot;: 2, &quot;2&quot;: &quot;&quot;}"><br></td>
		<td style="border-top: 1px solid #000000; border-bottom: 1px solid #000000; border-left: 1px solid #000000; border-right: 1px solid #000000" align="left" data-sheets-value="{ &quot;1&quot;: 2, &quot;2&quot;: &quot;&quot;}"><br></td>
		<td style="border-top: 1px solid #000000; border-bottom: 1px solid #000000; border-left: 1px solid #000000; border-right: 1px solid #000000" align="left" data-sheets-value="{ &quot;1&quot;: 2, &quot;2&quot;: &quot;&quot;}"><br></td>
	</tr>
	<tr>
		<td style="border-top: 1px solid #000000; border-bottom: 1px solid #000000; border-left: 1px solid #000000; border-right: 1px solid #000000" height="17" align="left" data-sheets-value="{ &quot;1&quot;: 2, &quot;2&quot;: &quot;&quot;}"><br></td>
		<td style="border-top: 1px solid #000000; border-bottom: 1px solid #000000; border-left: 1px solid #000000; border-right: 1px solid #000000" align="left" data-sheets-value="{ &quot;1&quot;: 2, &quot;2&quot;: &quot;&quot;}"><br></td>
		<td style="border-top: 1px solid #000000; border-bottom: 1px solid #000000; border-left: 1px solid #000000; border-right: 1px solid #000000" align="left" data-sheets-value="{ &quot;1&quot;: 2, &quot;2&quot;: &quot;&quot;}"><br></td>
		<td style="border-top: 1px solid #000000; border-bottom: 1px solid #000000; border-left: 1px solid #000000; border-right: 1px solid #000000" align="left" data-sheets-value="{ &quot;1&quot;: 2, &quot;2&quot;: &quot;&quot;}"><br></td>
	</tr>
</table>
<!-- ************************************************************************** -->
</body>

</html>
