{"TOTO": {"type": "text", "value": ""}, "second": {"type": "text", "value": ""}, "titi": {"type": "text", "value": ""}, "toto": {"type": "text", "value": ""}, "myvar": {"type": "text", "value": ""}, "foobar": {"type": "text", "value": ""}}