
Tests of for statements


[for oui]
my paragraph
[endfor]

