
Tests of html statements


 bolditalic

  
    • Associate number 0
first name : perso 1 
last name escaped html string 1

Address : 
8 rue de la paix
75008 Paris
    • Associate number 1
first name : perso 2 
last name escaped html lastname with < and >

Address : 
12 avenue Jean Jaurès
38000 Grenoble


  
    • list 1
    • list 2


 123

  
perso 1	string 1
perso 2	lastname with < and >

