
Var html :

 simple puis texte en gras


var text

simple puis <strong>texte en gras</strong>


