
Tests of if statements

We check the values with the tutu = oui


This paragraph should be displayed (==oui)







This paragraph should be displayed (!= glouglou)

several lines


the foo variable

La fonction a bien été prise en compte

End of the test
