
Tests of recursive if statements


  
displayed
  
  






This paragraph should be displayed (!= glouglou)

several lines




(Should be displayed without space, 3 ifs)

