jeanjhtr rah oeeeeee erg1 aejean 2zhefh qsg$ $ test
my_good_watermark
