jeanazerthaeth zethetrh ergregerheh aezetrhaerth zetheatthzerthae qsg$ $ test
